; Poppy Compiler v0.1.0 Listing
; Generated: 2026-01-14 12:15:05

; Symbol Table
; ------------------------------------------------------------
; APU_DMC_ADDR         = $4012      (Constant)
; APU_DMC_CTRL         = $4010      (Constant)
; APU_DMC_LEN          = $4013      (Constant)
; APU_DMC_LOAD         = $4011      (Constant)
; APU_END              = $401f      (Constant)
; APU_FRAME_CTR        = $4017      (Constant)
; APU_NOISE_LEN        = $400f      (Constant)
; APU_NOISE_PERIOD     = $400e      (Constant)
; APU_NOISE_VOL        = $400c      (Constant)
; APU_PULSE1_HI        = $4003      (Constant)
; APU_PULSE1_LO        = $4002      (Constant)
; APU_PULSE1_SWEEP     = $4001      (Constant)
; APU_PULSE1_VOL       = $4000      (Constant)
; APU_PULSE2_HI        = $4007      (Constant)
; APU_PULSE2_LO        = $4006      (Constant)
; APU_PULSE2_SWEEP     = $4005      (Constant)
; APU_PULSE2_VOL       = $4004      (Constant)
; APU_START            = $4000      (Constant)
; APU_STATUS           = $4015      (Constant)
; APU_TRI_HI           = $400b      (Constant)
; APU_TRI_LINEAR       = $4008      (Constant)
; APU_TRI_LO           = $400a      (Constant)
; BTN_A                = $0080      (Constant)
; BTN_B                = $0040      (Constant)
; BTN_DOWN             = $0004      (Constant)
; BTN_LEFT             = $0002      (Constant)
; BTN_RIGHT            = $0001      (Constant)
; BTN_SELECT           = $0020      (Constant)
; BTN_START            = $0010      (Constant)
; BTN_UP               = $0008      (Constant)
; CART_START           = $4020      (Constant)
; frame_counter        = $0000      (Label)
; hello_text           = $8096      (Label)
; init_nametable       = $806c      (Label)
; init_palette         = $8060      (Label)
; IRQ                  = $805f      (Label)
; JOYPAD1              = $4016      (Constant)
; JOYPAD2              = $4017      (Constant)
; NAMETABLE_0          = $2000      (Constant)
; NAMETABLE_1          = $2400      (Constant)
; NAMETABLE_2          = $2800      (Constant)
; NAMETABLE_3          = $2c00      (Constant)
; NMI                  = $8049      (Label)
; OAM_ADDR             = $2003      (Constant)
; OAM_DATA             = $2004      (Constant)
; OAM_DMA              = $4014      (Constant)
; OAM_PAGE             = $0200      (Constant)
; PALETTE              = $3f00      (Constant)
; PALETTE_BG           = $3f00      (Constant)
; palette_data         = $8076      (Label)
; PALETTE_SPR          = $3f10      (Constant)
; PATTERN_0            = $0000      (Constant)
; PATTERN_1            = $1000      (Constant)
; PPU_ADDR             = $2006      (Constant)
; PPU_CTRL             = $2000      (Constant)
; PPU_DATA             = $2007      (Constant)
; PPU_END              = $3fff      (Constant)
; PPU_MASK             = $2001      (Constant)
; PPU_SCROLL           = $2005      (Constant)
; PPU_START            = $2000      (Constant)
; PPU_STATUS           = $2002      (Constant)
; PPUCTRL_BG_TABLE     = $0010      (Constant)
; PPUCTRL_MASTER       = $0040      (Constant)
; PPUCTRL_NAMETABLE    = $0003      (Constant)
; PPUCTRL_NMI          = $0080      (Constant)
; PPUCTRL_SPR_HEIGHT   = $0020      (Constant)
; PPUCTRL_SPR_TABLE    = $0008      (Constant)
; PPUCTRL_VRAM_INC     = $0004      (Constant)
; PPUMASK_BG_ENABLE    = $0008      (Constant)
; PPUMASK_BG_LEFT      = $0002      (Constant)
; PPUMASK_BLUE         = $0080      (Constant)
; PPUMASK_GRAYSCALE    = $0001      (Constant)
; PPUMASK_GREEN        = $0040      (Constant)
; PPUMASK_RED          = $0020      (Constant)
; PPUMASK_SPR_ENABLE   = $0010      (Constant)
; PPUMASK_SPR_LEFT     = $0004      (Constant)
; PRG_END              = $ffff      (Constant)
; PRG_ROM              = $8000      (Constant)
; RAM_END              = $07ff      (Constant)
; RAM_SIZE             = $0800      (Constant)
; RAM_START            = $0000      (Constant)
; Reset                = $8000      (Label)
; SCREEN_HEIGHT        = $00f0      (Constant)
; SCREEN_WIDTH         = $0100      (Constant)
; scroll_x             = $0003      (Label)
; scroll_y             = $0004      (Label)
; set_ppu_addr         = (undefined) (Macro)
; STACK_PAGE           = $0100      (Constant)
; temp                 = $0001      (Label)
; TILE_SIZE            = $0008      (Constant)
; TILES_X              = $0020      (Constant)
; TILES_Y              = $001e      (Constant)
; wait_vblank          = (undefined) (Macro)

; Total code size: 72704 bytes ($11c00)
