; ============================================================================
; Poppy Assembler Memory Map
; Generated: 2026-01-14 12:15:05
; Target: MOS6502
; ============================================================================

; === Segments ===
;
; #    Start     End       Size      Used
; --   ------    ------    ------    ------
;  0   $0000     $0004          5         5
;  1   $8000     $809e        159       159
;  2   $fffa     $ffff          6         6
;  3   $10000     $11bef       7152      7152

; === Memory Regions ===
;
; Region        Start     End       Size      Used      Free      Usage
; ----------    ------    ------    ------    ------    ------    -----
; Zero Page     $0000     $00ff        256         5       251     2.0%
; Stack         $0100     $01ff        256         0       256     0.0%
; RAM           $0200     $07ff       1536         0      1536     0.0%
; PRG-ROM       $8000     $ffff      32768       165     32603     0.5%

; === Labels ===
;
; $0000  frame_counter
; $0001  temp
; $0003  scroll_x
; $0004  scroll_y
; $8000  Reset
; $8049  NMI
; $805f  IRQ
; $8060  init_palette
; $806c  init_nametable
; $8076  palette_data
; $8096  hello_text

; === Statistics ===
;
; Total bytes:      7322
; Segments:         4
; Labels:           11
; Constants:        80
; Macros:           2
; Address range:    $0000 - $11bef

